[2026-02-24T16:36:37.332Z] INFO: SOC Server running with real-time alerts {"port":"5000"}
[2026-02-24T16:37:11.932Z] INFO: MongoDB connection closed {}
[2026-03-04T06:43:03.079Z] INFO: MongoDB Connected: localhost {}
[2026-03-04T07:19:48.298Z] INFO: MongoDB Connected: localhost {}
[2026-03-04T07:19:48.304Z] INFO: SOC Server running with real-time alerts {"port":"5000"}
[2026-03-04T07:21:45.173Z] INFO: SOC dashboard client connected {"socketId":"PaYjPDROJCSHndU5AAAB"}
[2026-03-04T07:21:53.367Z] INFO: SOC dashboard client disconnected {"socketId":"PaYjPDROJCSHndU5AAAB"}
[2026-03-04T07:24:09.489Z] INFO: SOC dashboard client connected {"socketId":"byiDu-1IDt_dkC5zAAAD"}
[2026-03-04T07:24:12.925Z] INFO: SOC dashboard client disconnected {"socketId":"byiDu-1IDt_dkC5zAAAD"}
[2026-03-04T07:24:13.838Z] INFO: SOC dashboard client connected {"socketId":"e00eI9KwCjYDoLkHAAAF"}
[2026-03-04T07:24:15.041Z] INFO: SOC dashboard client disconnected {"socketId":"e00eI9KwCjYDoLkHAAAF"}
[2026-03-04T07:26:56.815Z] INFO: SOC dashboard client connected {"socketId":"sDL9SmDQPz0N4iwmAAAH"}
[2026-03-04T07:27:04.229Z] INFO: SOC dashboard client disconnected {"socketId":"sDL9SmDQPz0N4iwmAAAH"}
[2026-03-04T07:28:02.993Z] INFO: SOC dashboard client connected {"socketId":"gIIBXIBgT2fqO3lWAAAJ"}
[2026-03-04T15:35:49.504Z] INFO: SOC dashboard client disconnected {"socketId":"gIIBXIBgT2fqO3lWAAAJ"}
[2026-03-04T15:35:51.906Z] INFO: SOC dashboard client connected {"socketId":"9J4E4PiYMAnGIUSwAAAL"}
[2026-03-04T15:40:04.256Z] INFO: SOC dashboard client disconnected {"socketId":"9J4E4PiYMAnGIUSwAAAL"}
[2026-03-04T15:44:17.552Z] INFO: SOC dashboard client connected {"socketId":"XmsP3U__YcJYCE3vAAAN"}
[2026-03-04T15:44:26.120Z] INFO: SOC dashboard client disconnected {"socketId":"XmsP3U__YcJYCE3vAAAN"}
[2026-03-04T15:44:47.134Z] INFO: SOC dashboard client connected {"socketId":"1UAJ3SK1MoIkmdhgAAAP"}
[2026-03-04T15:50:10.163Z] INFO: SOC dashboard client disconnected {"socketId":"1UAJ3SK1MoIkmdhgAAAP"}
[2026-03-04T15:50:11.147Z] INFO: SOC dashboard client connected {"socketId":"96H0sWbXVLKTMSbHAAAR"}
[2026-03-04T15:50:12.313Z] INFO: SOC dashboard client disconnected {"socketId":"96H0sWbXVLKTMSbHAAAR"}
[2026-03-04T15:50:12.843Z] INFO: SOC dashboard client connected {"socketId":"UuJeJGVmfTiO-VIzAAAT"}
[2026-03-04T15:50:16.194Z] INFO: SOC dashboard client disconnected {"socketId":"UuJeJGVmfTiO-VIzAAAT"}
[2026-03-04T16:26:19.397Z] INFO: MongoDB Connected: localhost {}
[2026-03-04T16:26:19.425Z] INFO: SOC Server running with real-time alerts {"port":"5000"}
[2026-03-04T16:26:41.876Z] INFO: SOC dashboard client connected {"socketId":"CdoRYYQRT_JEOrN0AAAC"}
[2026-03-04T16:26:56.743Z] INFO: SOC dashboard client disconnected {"socketId":"CdoRYYQRT_JEOrN0AAAC"}
[2026-03-04T16:27:04.594Z] INFO: SOC dashboard client connected {"socketId":"VhunWNbvRyiOY-ttAAAE"}
[2026-03-04T16:35:49.028Z] INFO: SOC dashboard client disconnected {"socketId":"VhunWNbvRyiOY-ttAAAE"}
[2026-03-04T16:35:49.056Z] INFO: MongoDB connection closed {}
[2026-03-04T16:36:50.528Z] INFO: MongoDB Connected: localhost {}
[2026-03-04T16:36:50.532Z] INFO: SOC Server running with real-time alerts {"port":"5000"}
[2026-03-04T16:36:59.837Z] INFO: SOC dashboard client connected {"socketId":"GATWQHIUMVtlCbOJAAAB"}
[2026-03-04T16:37:06.994Z] INFO: SOC dashboard client disconnected {"socketId":"GATWQHIUMVtlCbOJAAAB"}
[2026-03-04T16:41:27.168Z] INFO: SOC dashboard client connected {"socketId":"Rp2q23_qrfRDk9SSAAAD"}
[2026-03-04T16:41:31.503Z] INFO: SOC dashboard client disconnected {"socketId":"Rp2q23_qrfRDk9SSAAAD"}
[2026-03-04T16:41:53.755Z] INFO: SOC dashboard client connected {"socketId":"GNf23NnhGjAYBMS4AAAF"}
[2026-03-04T16:41:55.778Z] INFO: SOC dashboard client disconnected {"socketId":"GNf23NnhGjAYBMS4AAAF"}
[2026-03-04T16:41:57.484Z] INFO: SOC dashboard client connected {"socketId":"MOtg-S5Sgp0qiZJdAAAH"}
[2026-03-04T16:41:58.528Z] INFO: SOC dashboard client disconnected {"socketId":"MOtg-S5Sgp0qiZJdAAAH"}
[2026-03-04T16:42:00.175Z] INFO: SOC dashboard client connected {"socketId":"VPfWkxjnczzeUxe_AAAJ"}
[2026-03-04T16:42:01.499Z] INFO: SOC dashboard client disconnected {"socketId":"VPfWkxjnczzeUxe_AAAJ"}
[2026-03-04T16:42:03.861Z] INFO: SOC dashboard client connected {"socketId":"vkUS2HxQ3LTyFjTKAAAM"}
[2026-03-04T16:42:04.710Z] INFO: SOC dashboard client disconnected {"socketId":"vkUS2HxQ3LTyFjTKAAAM"}
[2026-03-04T16:42:06.311Z] INFO: SOC dashboard client connected {"socketId":"Orivo40Fy0lexyguAAAO"}
[2026-03-04T16:42:07.510Z] INFO: SOC dashboard client disconnected {"socketId":"Orivo40Fy0lexyguAAAO"}
[2026-03-04T16:42:13.513Z] INFO: SOC dashboard client connected {"socketId":"wJNZHLmGsLgLWsH0AAAR"}
[2026-03-04T16:43:52.261Z] INFO: SOC dashboard client disconnected {"socketId":"wJNZHLmGsLgLWsH0AAAR"}
[2026-03-04T16:44:18.258Z] INFO: SOC dashboard client connected {"socketId":"ZAvCwAKTBxmp6P7fAAAU"}
[2026-03-04T16:45:34.189Z] INFO: SOC dashboard client disconnected {"socketId":"ZAvCwAKTBxmp6P7fAAAU"}
[2026-03-04T16:45:35.228Z] INFO: SOC dashboard client connected {"socketId":"LZvT_8789XdRRKszAAAW"}
[2026-03-04T16:45:36.276Z] INFO: SOC dashboard client disconnected {"socketId":"LZvT_8789XdRRKszAAAW"}
[2026-03-04T16:46:05.068Z] INFO: SOC dashboard client connected {"socketId":"2TLxJeZ5v87osHc1AAAY"}
[2026-03-04T16:46:28.409Z] INFO: SOC dashboard client disconnected {"socketId":"2TLxJeZ5v87osHc1AAAY"}
[2026-03-04T16:46:29.123Z] INFO: SOC dashboard client connected {"socketId":"O-PmmSn401CDX3fKAAAa"}
[2026-03-04T16:46:30.510Z] INFO: SOC dashboard client disconnected {"socketId":"O-PmmSn401CDX3fKAAAa"}
[2026-03-04T16:49:05.468Z] INFO: MongoDB Connected: localhost {}
[2026-03-04T16:49:05.472Z] INFO: SOC Server running with real-time alerts {"port":"5000"}
[2026-03-04T16:49:20.032Z] INFO: SOC dashboard client connected {"socketId":"_pEBaaJg2pH548pYAAAB"}
[2026-03-04T16:49:46.765Z] INFO: SOC dashboard client disconnected {"socketId":"_pEBaaJg2pH548pYAAAB"}
[2026-03-04T16:50:05.988Z] INFO: SOC dashboard client connected {"socketId":"3RsFfxBpBkoJgfBvAAAD"}
[2026-03-04T16:50:45.823Z] INFO: SOC dashboard client disconnected {"socketId":"3RsFfxBpBkoJgfBvAAAD"}
[2026-03-04T16:50:46.338Z] INFO: SOC dashboard client connected {"socketId":"fA99ig5S22laD29IAAAF"}
[2026-03-04T16:50:47.904Z] INFO: SOC dashboard client connected {"socketId":"4IOK8seVgDar1tMXAAAH"}
[2026-03-04T16:51:07.024Z] INFO: SOC dashboard client disconnected {"socketId":"fA99ig5S22laD29IAAAF"}
[2026-03-04T16:51:08.007Z] INFO: SOC dashboard client connected {"socketId":"j8r7WEnGiO54n69SAAAJ"}
[2026-03-04T16:51:09.106Z] INFO: SOC dashboard client disconnected {"socketId":"j8r7WEnGiO54n69SAAAJ"}
[2026-03-04T16:51:14.103Z] INFO: SOC dashboard client connected {"socketId":"vOwD-bg3HsVeozWVAAAL"}
[2026-03-04T16:51:39.537Z] INFO: SOC dashboard client disconnected {"socketId":"4IOK8seVgDar1tMXAAAH"}
[2026-03-04T16:51:41.471Z] INFO: SOC dashboard client disconnected {"socketId":"vOwD-bg3HsVeozWVAAAL"}
[2026-03-04T16:51:56.220Z] INFO: SOC dashboard client connected {"socketId":"qAsYSUVk_Pi0H0hoAAAN"}
[2026-03-04T16:59:21.691Z] INFO: SOC dashboard client connected {"socketId":"gcpyyHrUJKJ0s8MSAAAP"}
[2026-03-04T16:59:43.463Z] INFO: SOC dashboard client disconnected {"socketId":"gcpyyHrUJKJ0s8MSAAAP"}
[2026-03-04T16:59:44.493Z] INFO: SOC dashboard client connected {"socketId":"cCvo_Uqoflfngym1AAAR"}
[2026-03-04T16:59:45.559Z] INFO: SOC dashboard client disconnected {"socketId":"cCvo_Uqoflfngym1AAAR"}
[2026-03-04T16:59:46.335Z] INFO: SOC dashboard client connected {"socketId":"aEPiz0LahP3vPtwbAAAU"}
[2026-03-04T17:09:03.978Z] INFO: SOC dashboard client disconnected {"socketId":"aEPiz0LahP3vPtwbAAAU"}
[2026-03-04T17:09:05.546Z] INFO: SOC dashboard client connected {"socketId":"QRvA_mDfZSuknoC5AAAW"}
[2026-03-04T17:09:05.549Z] INFO: SOC dashboard client disconnected {"socketId":"qAsYSUVk_Pi0H0hoAAAN"}
[2026-03-04T17:09:06.192Z] INFO: SOC dashboard client disconnected {"socketId":"QRvA_mDfZSuknoC5AAAW"}
[2026-03-04T17:09:08.844Z] INFO: SOC dashboard client connected {"socketId":"jaaGFAWOoUPQ_r-lAAAa"}
[2026-03-04T17:09:09.860Z] INFO: SOC dashboard client connected {"socketId":"dx8zLq3wGL7v8ztBAAAb"}
[2026-03-04T17:11:53.782Z] INFO: SOC dashboard client disconnected {"socketId":"jaaGFAWOoUPQ_r-lAAAa"}
[2026-03-04T17:11:53.877Z] INFO: SOC dashboard client disconnected {"socketId":"dx8zLq3wGL7v8ztBAAAb"}
[2026-03-04T17:11:57.861Z] INFO: SOC dashboard client connected {"socketId":"8-Ni4jWOPpNH2o_FAAAf"}
[2026-03-04T17:11:57.980Z] INFO: SOC dashboard client connected {"socketId":"XzTfDnA_cygzmMugAAAh"}
[2026-03-04T18:12:42.860Z] INFO: SOC dashboard client disconnected {"socketId":"8-Ni4jWOPpNH2o_FAAAf"}
[2026-03-04T18:12:46.498Z] INFO: SOC dashboard client connected {"socketId":"FBRoJpHtON5zxCx2AAAj"}
[2026-03-05T03:57:11.658Z] INFO: SOC dashboard client disconnected {"socketId":"XzTfDnA_cygzmMugAAAh"}
[2026-03-05T03:57:13.852Z] INFO: SOC dashboard client connected {"socketId":"S1VBspna0GOE9NvlAAAl"}
[2026-03-05T04:02:51.522Z] INFO: SOC dashboard client disconnected {"socketId":"FBRoJpHtON5zxCx2AAAj"}
[2026-03-05T04:02:52.280Z] INFO: SOC dashboard client connected {"socketId":"TYvryV_QtHdv6pK-AAAn"}
[2026-03-05T04:02:53.657Z] INFO: SOC dashboard client disconnected {"socketId":"TYvryV_QtHdv6pK-AAAn"}
[2026-03-05T04:07:15.850Z] INFO: SOC dashboard client disconnected {"socketId":"S1VBspna0GOE9NvlAAAl"}
[2026-03-05T04:15:19.391Z] INFO: SOC dashboard client connected {"socketId":"bomJh-276xCcPDyvAAAq"}
[2026-03-05T04:22:03.730Z] INFO: SOC dashboard client disconnected {"socketId":"bomJh-276xCcPDyvAAAq"}
[2026-03-05T04:22:43.632Z] INFO: SOC dashboard client connected {"socketId":"b7SnWQNKxm124b4wAAAs"}
[2026-03-05T04:22:59.530Z] INFO: SOC dashboard client connected {"socketId":"SStKFrPql1rhlhAtAAAv"}
[2026-03-05T04:23:04.069Z] INFO: SOC dashboard client disconnected {"socketId":"SStKFrPql1rhlhAtAAAv"}
[2026-03-05T04:24:18.582Z] INFO: SOC dashboard client disconnected {"socketId":"b7SnWQNKxm124b4wAAAs"}
[2026-03-05T04:25:49.397Z] INFO: SOC dashboard client connected {"socketId":"vON4HRY_XgIuoAEkAAAz"}
[2026-03-05T04:26:58.888Z] INFO: SOC dashboard client disconnected {"socketId":"vON4HRY_XgIuoAEkAAAz"}
[2026-03-05T04:27:44.740Z] INFO: SOC dashboard client connected {"socketId":"7RxRcCYAiwI6-HqzAAA2"}
[2026-03-05T04:28:04.322Z] INFO: MongoDB Connected: localhost {}
[2026-03-06T04:48:08.799Z] INFO: MongoDB Connected: localhost {}
[2026-03-06T04:48:08.809Z] INFO: SOC Server running with real-time alerts {"port":"5000"}
[2026-03-06T04:48:13.721Z] INFO: SOC dashboard client connected {"socketId":"FdBWOLA-NAk-5yHeAAAB"}
[2026-03-06T04:48:20.105Z] INFO: SOC dashboard client disconnected {"socketId":"FdBWOLA-NAk-5yHeAAAB"}
[2026-03-06T04:48:21.080Z] INFO: SOC dashboard client connected {"socketId":"pMIREJdFjWSHO4dAAAAE"}
[2026-03-06T04:48:23.866Z] INFO: SOC dashboard client disconnected {"socketId":"pMIREJdFjWSHO4dAAAAE"}
[2026-03-06T04:48:26.553Z] INFO: SOC dashboard client connected {"socketId":"VosrOXCPxiApymaCAAAG"}
[2026-03-06T04:48:29.599Z] INFO: SOC dashboard client disconnected {"socketId":"VosrOXCPxiApymaCAAAG"}
[2026-03-06T04:49:53.592Z] INFO: SOC dashboard client connected {"socketId":"WHwAEQtwz3NMlGcfAAAJ"}
[2026-03-06T04:50:14.594Z] INFO: SOC dashboard client disconnected {"socketId":"WHwAEQtwz3NMlGcfAAAJ"}
[2026-03-06T04:51:25.307Z] INFO: SOC dashboard client connected {"socketId":"HhX0SSRelNqblWGWAAAM"}
[2026-03-06T04:54:53.287Z] INFO: SOC dashboard client disconnected {"socketId":"HhX0SSRelNqblWGWAAAM"}
[2026-03-06T04:55:14.356Z] INFO: SOC dashboard client connected {"socketId":"u6DcQLy2qORdFjCHAAAP"}
[2026-03-06T04:55:24.065Z] INFO: SOC dashboard client disconnected {"socketId":"u6DcQLy2qORdFjCHAAAP"}
[2026-03-06T04:56:28.549Z] INFO: SOC dashboard client connected {"socketId":"x2TwewLeLWovn4OSAAAS"}
[2026-03-06T04:56:34.097Z] INFO: SOC dashboard client disconnected {"socketId":"x2TwewLeLWovn4OSAAAS"}
[2026-03-06T05:02:05.940Z] INFO: SOC dashboard client connected {"socketId":"gQ-vkjV4V_vKpMhjAAAU"}
[2026-03-06T05:02:19.196Z] INFO: SOC dashboard client disconnected {"socketId":"gQ-vkjV4V_vKpMhjAAAU"}
[2026-03-06T05:02:23.902Z] INFO: SOC dashboard client connected {"socketId":"9tPkCmT0LGRCPuqdAAAW"}
[2026-03-06T05:05:10.194Z] INFO: SOC dashboard client connected {"socketId":"ENfaOgpiwMueXbw4AAAZ"}
[2026-03-06T05:05:38.437Z] INFO: SOC dashboard client disconnected {"socketId":"ENfaOgpiwMueXbw4AAAZ"}
[2026-03-06T05:06:25.874Z] INFO: SOC dashboard client connected {"socketId":"dGt0d8THYlK6stE5AAAc"}
[2026-03-06T05:06:47.647Z] INFO: SOC dashboard client disconnected {"socketId":"dGt0d8THYlK6stE5AAAc"}
[2026-03-06T05:07:43.999Z] INFO: SOC dashboard client disconnected {"socketId":"9tPkCmT0LGRCPuqdAAAW"}
[2026-03-06T05:07:55.984Z] INFO: SOC dashboard client connected {"socketId":"qLLaXBPuTpnKvrZnAAAf"}
[2026-03-06T05:08:30.376Z] INFO: SOC dashboard client connected {"socketId":"jpjFbd-yNf_ShUloAAAh"}
[2026-03-06T05:11:09.276Z] INFO: SOC dashboard client disconnected {"socketId":"jpjFbd-yNf_ShUloAAAh"}
[2026-03-06T05:12:02.135Z] INFO: SOC dashboard client disconnected {"socketId":"qLLaXBPuTpnKvrZnAAAf"}
[2026-03-06T05:13:36.423Z] INFO: SOC dashboard client connected {"socketId":"OvgSNjuQonjPmLt2AAAk"}
[2026-03-06T05:13:52.908Z] INFO: SOC dashboard client disconnected {"socketId":"OvgSNjuQonjPmLt2AAAk"}
[2026-03-06T05:14:34.226Z] INFO: SOC dashboard client connected {"socketId":"9Nt2ZLKDD4z4oARaAAAn"}
[2026-03-06T05:14:39.332Z] INFO: SOC dashboard client disconnected {"socketId":"9Nt2ZLKDD4z4oARaAAAn"}
[2026-03-06T05:25:11.685Z] INFO: SOC dashboard client connected {"socketId":"Oouu8SKey2wxJzm2AAAp"}
[2026-03-06T05:26:21.793Z] INFO: SOC dashboard client disconnected {"socketId":"Oouu8SKey2wxJzm2AAAp"}
[2026-03-06T05:26:23.259Z] INFO: SOC dashboard client connected {"socketId":"mTpGJUjLE-kMklBtAAAr"}
[2026-03-06T05:26:24.053Z] INFO: SOC dashboard client disconnected {"socketId":"mTpGJUjLE-kMklBtAAAr"}
[2026-03-06T05:29:46.744Z] INFO: SOC dashboard client connected {"socketId":"ftS1-CQW0i13bxgIAAAt"}
[2026-03-06T05:29:54.308Z] INFO: SOC dashboard client disconnected {"socketId":"ftS1-CQW0i13bxgIAAAt"}
[2026-03-06T05:29:55.456Z] INFO: SOC dashboard client connected {"socketId":"BiUfnAnMDk2JeqVZAAAv"}
[2026-03-06T05:29:56.531Z] INFO: SOC dashboard client disconnected {"socketId":"BiUfnAnMDk2JeqVZAAAv"}
[2026-03-06T05:37:25.002Z] INFO: SOC dashboard client connected {"socketId":"0ONJ9CVfmuIxufSkAAAx"}
[2026-03-06T05:41:09.746Z] INFO: SOC dashboard client disconnected {"socketId":"0ONJ9CVfmuIxufSkAAAx"}
[2026-03-06T05:41:11.074Z] INFO: SOC dashboard client connected {"socketId":"owL9lgIFaBGdmMfDAAAz"}
[2026-03-06T05:41:11.947Z] INFO: SOC dashboard client disconnected {"socketId":"owL9lgIFaBGdmMfDAAAz"}
[2026-03-06T05:41:20.900Z] INFO: SOC dashboard client connected {"socketId":"UbyKV36m8Cq1OKRAAAA1"}
[2026-03-06T05:41:26.153Z] INFO: SOC dashboard client disconnected {"socketId":"UbyKV36m8Cq1OKRAAAA1"}
[2026-03-06T05:41:27.296Z] INFO: SOC dashboard client connected {"socketId":"FVTMNv7ArjhpmRwDAAA3"}
[2026-03-06T05:41:28.384Z] INFO: SOC dashboard client disconnected {"socketId":"FVTMNv7ArjhpmRwDAAA3"}
[2026-03-06T05:41:36.587Z] INFO: SOC dashboard client connected {"socketId":"NX3gR_AbDCB0A4e4AAA5"}
[2026-03-06T05:43:53.945Z] INFO: SOC dashboard client disconnected {"socketId":"NX3gR_AbDCB0A4e4AAA5"}
[2026-03-06T05:43:54.453Z] INFO: SOC dashboard client connected {"socketId":"dIibBwGjIUVb98U4AAA8"}
[2026-03-06T05:46:45.784Z] INFO: SOC dashboard client disconnected {"socketId":"dIibBwGjIUVb98U4AAA8"}
[2026-03-06T05:46:47.100Z] INFO: SOC dashboard client connected {"socketId":"eKg4qTp9oQapU8DHAAA-"}
[2026-03-06T05:46:48.006Z] INFO: SOC dashboard client disconnected {"socketId":"eKg4qTp9oQapU8DHAAA-"}
[2026-03-06T05:46:55.888Z] INFO: SOC dashboard client connected {"socketId":"py9R33mw2bqR7fNsAABA"}
[2026-03-06T06:31:19.763Z] INFO: SOC dashboard client disconnected {"socketId":"py9R33mw2bqR7fNsAABA"}
[2026-03-06T06:33:27.856Z] INFO: SOC dashboard client connected {"socketId":"JXbtRdOFAMl334iRAABC"}
[2026-03-06T06:42:13.381Z] INFO: SOC dashboard client disconnected {"socketId":"JXbtRdOFAMl334iRAABC"}
[2026-03-06T06:42:14.203Z] INFO: SOC dashboard client connected {"socketId":"c1cEbYaUiWC6ZpltAABE"}
[2026-03-06T06:42:15.508Z] INFO: SOC dashboard client disconnected {"socketId":"c1cEbYaUiWC6ZpltAABE"}
[2026-03-06T06:42:24.679Z] INFO: SOC dashboard client connected {"socketId":"CrC9jZ6FjPuisHlbAABG"}
[2026-03-06T06:47:08.455Z] INFO: SOC dashboard client disconnected {"socketId":"CrC9jZ6FjPuisHlbAABG"}
[2026-03-06T06:47:10.446Z] INFO: SOC dashboard client connected {"socketId":"jG9EdXoLm-tLXYw3AABI"}
[2026-03-06T06:47:13.035Z] INFO: SOC dashboard client disconnected {"socketId":"jG9EdXoLm-tLXYw3AABI"}
[2026-03-06T06:47:16.449Z] INFO: SOC dashboard client connected {"socketId":"Udc2JYLem0AUeTB7AABK"}
[2026-03-06T06:56:40.893Z] INFO: SOC dashboard client disconnected {"socketId":"Udc2JYLem0AUeTB7AABK"}
[2026-03-06T06:56:42.045Z] INFO: SOC dashboard client connected {"socketId":"mM-BjvOzrP60xN1aAABM"}
[2026-03-06T06:56:43.057Z] INFO: SOC dashboard client disconnected {"socketId":"mM-BjvOzrP60xN1aAABM"}
[2026-03-06T06:56:43.561Z] INFO: SOC dashboard client connected {"socketId":"AmsWgc0KFniiQ8vJAABP"}
[2026-03-06T06:58:20.479Z] INFO: SOC dashboard client disconnected {"socketId":"AmsWgc0KFniiQ8vJAABP"}
[2026-03-06T06:58:21.915Z] INFO: SOC dashboard client connected {"socketId":"EbMHHEBHl7_S_YIRAABR"}
[2026-03-06T06:58:22.650Z] INFO: SOC dashboard client disconnected {"socketId":"EbMHHEBHl7_S_YIRAABR"}
[2026-03-06T06:58:23.303Z] INFO: SOC dashboard client connected {"socketId":"MCSXnkX-kCQdoNiRAABU"}
[2026-03-06T06:58:32.580Z] INFO: SOC dashboard client disconnected {"socketId":"MCSXnkX-kCQdoNiRAABU"}
[2026-03-06T06:58:47.424Z] INFO: SOC dashboard client connected {"socketId":"tRTzGv5Qot80kyScAABW"}
[2026-03-12T06:26:49.458Z] INFO: MongoDB Connected: localhost {}
[2026-03-12T06:26:49.466Z] INFO: AutoIncident job started {"threshold":5,"windowMinutes":10,"intervalSeconds":60}
[2026-03-12T06:26:49.470Z] INFO: SOC Server running with real-time alerts {"port":"5000"}
[2026-03-12T06:27:04.177Z] INFO: SOC dashboard client connected {"socketId":"Ge2OSIAdUL_6lHcoAAAC"}
[2026-03-12T06:27:10.736Z] INFO: SOC dashboard client disconnected {"socketId":"Ge2OSIAdUL_6lHcoAAAC"}
[2026-03-12T06:27:17.706Z] INFO: SOC dashboard client connected {"socketId":"OxTgiM0rxDaaW9-oAAAE"}
[2026-03-12T06:27:19.026Z] INFO: SOC dashboard client disconnected {"socketId":"OxTgiM0rxDaaW9-oAAAE"}
[2026-03-12T06:31:59.006Z] INFO: MongoDB connection closed {}
[2026-03-12T06:41:13.101Z] INFO: MongoDB Connected: localhost {}
[2026-03-12T06:41:13.109Z] INFO: AutoIncident job started {"threshold":5,"windowMinutes":10,"intervalSeconds":60}
[2026-03-12T06:41:13.114Z] INFO: SOC Server running with real-time alerts {"port":"5000"}
[2026-03-12T06:41:31.468Z] INFO: SOC dashboard client connected {"socketId":"hBswBYGUiE3gc0HDAAAB"}
[2026-03-12T06:41:34.098Z] INFO: SOC dashboard client disconnected {"socketId":"hBswBYGUiE3gc0HDAAAB"}
[2026-03-12T06:41:34.994Z] INFO: SOC dashboard client connected {"socketId":"SpsHNchoeqtaVuagAAAD"}
[2026-03-12T06:41:36.225Z] INFO: SOC dashboard client disconnected {"socketId":"SpsHNchoeqtaVuagAAAD"}
[2026-03-12T06:41:36.854Z] INFO: SOC dashboard client connected {"socketId":"lLixu0fxhT_8ti2gAAAF"}
[2026-03-12T06:42:46.925Z] INFO: SOC dashboard client disconnected {"socketId":"lLixu0fxhT_8ti2gAAAF"}
[2026-03-12T06:42:53.003Z] INFO: SOC dashboard client connected {"socketId":"Ij0UrLtDibAYVpMqAAAI"}
[2026-03-12T06:42:57.645Z] INFO: SOC dashboard client disconnected {"socketId":"Ij0UrLtDibAYVpMqAAAI"}
[2026-03-12T06:45:39.663Z] INFO: SOC dashboard client connected {"socketId":"8sHWQyhTrxyG_uMWAAAL"}
[2026-03-12T06:45:55.315Z] INFO: SOC dashboard client disconnected {"socketId":"8sHWQyhTrxyG_uMWAAAL"}
[2026-03-12T06:49:22.970Z] INFO: SOC dashboard client connected {"socketId":"TjFJAZkT9_-OFsOtAAAO"}
[2026-03-12T06:49:28.621Z] INFO: SOC dashboard client disconnected {"socketId":"TjFJAZkT9_-OFsOtAAAO"}
[2026-03-12T06:57:31.341Z] INFO: SOC dashboard client connected {"socketId":"lufWzKhiTAqLMvuWAAAQ"}
[2026-03-12T07:18:39.694Z] INFO: SOC dashboard client disconnected {"socketId":"lufWzKhiTAqLMvuWAAAQ"}
[2026-03-14T05:02:47.711Z] INFO: SOC dashboard client connected {"socketId":"cve2wrhnnVWxsht8AAAS"}
[2026-03-14T05:02:52.934Z] INFO: SOC dashboard client disconnected {"socketId":"cve2wrhnnVWxsht8AAAS"}
